// Jest Snapshot v1, https://goo.gl/fbAQLP

exports[`Checkbox should match snapshot 1`] = `
<DocumentFragment>
  <div
    class="checkbox__container items-center gap-4 flex-row-reverse justify-end"
  >
    <input
      class="checkbox checkbox--primary"
      data-testid="arke-checkbox"
      type="checkbox"
    />
  </div>
</DocumentFragment>
`;
